// Jest Snapshot v1, https://goo.gl/fbAQLP

exports[`renders correctly 1`] = `
<div>
  <div>
    <div>
      <h1>
        Login
      </h1>
      <form
        onSubmit={[Function]}
      >
        <div>
          <label
            htmlFor="email"
          >
            Email
          </label>
          <input
            id="email"
            name="email"
            placeholder="Email"
            type="email"
          />
        </div>
        <div>
          <label
            htmlFor="password"
          >
            Password
          </label>
          <input
            id="password"
            name="password"
            placeholder="Password"
            type="password"
          />
        </div>
        <button>
          Login
        </button>
      </form>
    </div>
  </div>
</div>
`;
